../Core/Src/stm32h7xx_hal_msp.c:65:6:HAL_MspInit	16	static
../Core/Src/stm32h7xx_hal_msp.c:89:6:HAL_ADC_MspInit	72	static
../Core/Src/stm32h7xx_hal_msp.c:191:6:HAL_ADC_MspDeInit	16	static
../Core/Src/stm32h7xx_hal_msp.c:262:6:HAL_ETH_MspInit	80	static
../Core/Src/stm32h7xx_hal_msp.c:365:6:HAL_ETH_MspDeInit	16	static
../Core/Src/stm32h7xx_hal_msp.c:426:6:HAL_FDCAN_MspInit	248	static
../Core/Src/stm32h7xx_hal_msp.c:513:6:HAL_FDCAN_MspDeInit	16	static
../Core/Src/stm32h7xx_hal_msp.c:566:6:HAL_QSPI_MspInit	248	static
../Core/Src/stm32h7xx_hal_msp.c:641:6:HAL_QSPI_MspDeInit	16	static
../Core/Src/stm32h7xx_hal_msp.c:678:6:HAL_RTC_MspInit	208	static
../Core/Src/stm32h7xx_hal_msp.c:712:6:HAL_RTC_MspDeInit	16	static
../Core/Src/stm32h7xx_hal_msp.c:734:6:HAL_SPI_MspInit	248	static
../Core/Src/stm32h7xx_hal_msp.c:807:6:HAL_SPI_MspDeInit	16	static
../Core/Src/stm32h7xx_hal_msp.c:842:6:HAL_TIM_Base_MspInit	24	static
../Core/Src/stm32h7xx_hal_msp.c:859:6:HAL_TIM_MspPostInit	40	static
../Core/Src/stm32h7xx_hal_msp.c:891:6:HAL_TIM_Base_MspDeInit	16	static
../Core/Src/stm32h7xx_hal_msp.c:913:6:HAL_UART_MspInit	240	static
../Core/Src/stm32h7xx_hal_msp.c:961:6:HAL_UART_MspDeInit	16	static
../Core/Src/stm32h7xx_hal_msp.c:990:6:HAL_PCD_MspInit	240	static
../Core/Src/stm32h7xx_hal_msp.c:1047:6:HAL_PCD_MspDeInit	16	static
../Core/Src/stm32h7xx_hal_msp.c:1073:13:HAL_FMC_MspInit	232	static
../Core/Src/stm32h7xx_hal_msp.c:1182:6:HAL_SDRAM_MspInit	16	static
../Core/Src/stm32h7xx_hal_msp.c:1194:13:HAL_FMC_MspDeInit	8	static
../Core/Src/stm32h7xx_hal_msp.c:1266:6:HAL_SDRAM_MspDeInit	16	static
../Core/Src/stm32h7xx_hal_msp.c:1278:6:HAL_SAI_MspInit	240	static
../Core/Src/stm32h7xx_hal_msp.c:1349:6:HAL_SAI_MspDeInit	16	static
